// 同步 ID: b7191a37 @ Thu Jul 23 20:11:55 UTC 2026
// 同步 ID: 309f7c69 @ Fri Jul 24 05:18:06 UTC 2026
// 重构日志: f42f2765
// 重构日志: bf9d6daf
// 同步 ID: e781ddb9 @ Sat Jul 25 17:53:41 UTC 2026
// 重构日志: a03f920c
// 同步 ID: e97d3d63 @ Sun Jul 26 08:50:46 UTC 2026
// 重构日志: 94bbf8e9
// 重构日志: 673531f5
// 重构日志: 5fe2a706
// 同步 ID: 3c8dbb26 @ Mon Jul 27 16:19:42 UTC 2026
// 重构日志: a6d022f6
// 同步 ID: 4f0fe378 @ Thu Jul 30 05:04:10 UTC 2026
// 重构日志: a1d618ac
// 同步 ID: d1113f02 @ Thu Jul 30 15:34:20 UTC 2026
// 重构日志: ee6b3747
// 同步 ID: 50792a06 @ Mon Aug  3 09:24:06 UTC 2026
// 重构日志: e5ce1f8c
// 重构日志: 592b46ff
// 重构日志: 18c4119f
// 重构日志: 89757543
// 重构日志: 96134b52
// 重构日志: 8c09c4da
// 重构日志: c82644fb
// 同步 ID: 5bb056e3 @ Fri Aug  7 23:08:44 UTC 2026
// 同步 ID: 75a3d7e0 @ Sat Aug  8 00:35:26 UTC 2026
// 重构日志: f23d44d2
// 重构日志: a8a28198
// 重构日志: 3c94ec9f
// 同步 ID: bd2d298c @ Sat Aug  8 17:13:55 UTC 2026
